
> ai-portfolio-analyzer@0.1.0 build
> next build

   ▲ Next.js 16.0.3 (Turbopack)
   - Environments: .env.local

   Creating an optimized production build ...
 ✓ Compiled successfully in 4.4s
   Running TypeScript ...
   Collecting page data using 9 workers ...
 ⚠ Using edge runtime on a page currently disables static generation for that page
   Generating static pages using 9 workers (0/19) ...
Error occurred prerendering page "/_not-found". Read more: https://nextjs.org/docs/messages/prerender-error
Error: Event handlers cannot be passed to Client Component props.
  {type: "button", children: ..., data-slot: ..., className: ..., onClick: function onClick, ref: ...}
                                                                           ^^^^^^^^^^^^^^^^
If you need interactivity, consider converting part of this to a Client Component.
    at stringify (<anonymous>) {
  digest: '2928012759'
}
Export encountered an error on /_not-found/page: /_not-found, exiting the build.
 ⨯ Next.js build worker exited with code: 1 and signal: null
